
   FAIL  Tests\Feature\FileUploadTest
  Γ¿» can uploadΓÇª  0.44s  
  ΓöÇΓöÇΓöÇΓöÇΓöÇΓöÇΓöÇΓöÇΓöÇΓöÇΓöÇΓöÇΓöÇΓöÇΓöÇΓöÇΓöÇΓöÇΓöÇΓöÇ  
   FΓÇª  LogicException   
  GD extension is not installed.

  at vendor\laravel\framework\src\Illuminate\Http\Testing\FileFactory.php:77
     73Γûò      */
     74Γûò     protected function generateImage($width, $height, $extension)
     75Γûò     {
     76Γûò         if (! function_exists('imagecreatetruecolor')) {
  Γ₧£  77Γûò             throw new LogicException('GD extension is not installed.');
     78Γûò         }
     79Γûò 
     80Γûò         return tap(tmpfile(), function ($temp) use ($width, $height, $extension) {
     81Γûò             ob_start();

  1   vendor\laravel\framework\src\Illuminate\Http\Testing\FileFactory.php:77
  2   vendor\laravel\framework\src\Illuminate\Http\Testing\FileFactory.php:59


  Tests:    1 failed (0 assertions)
  Duration: 0.63s

